AAA,Arming Sword,Sword,1,2,5,45,60,2,Swing,NONE,NONE,1.4,20,20%,40%,NONE,NONE,NONE,2,10%,NONE,Thrust,NONE,NONE,1.6,NONE,NONE,NONE,15,NONE,50%,NONE,NONE,NONE,Pummel,NONE,NONE,0.5,NONE,NONE,NONE,NONE,NONE,NONE,10,20%,NONE,5,0,
AAA,Arming Sword (halfswording),Sword,2,2,5,40,60,4,NONE,NONE,NONE,NONE,NONE,NONE,NONE,NONE,NONE,NONE,NONE,NONE,NONE,Thrust,NONE,15,1.0,NONE,NONE,NONE,15,NONE,50%,NONE,NONE,NONE,Pummel,NONE,NONE,0.5,NONE,NONE,NONE,NONE,NONE,NONE,10,20%,NONE,10,-15,
AAA,Arming Sword (murder stroke),Sword,2,2,5,55,40,4,Swing,10,-5,1.2,NONE,NONE,NONE,NONE,NONE,NONE,10,20%,NONE,Thrust,NONE,-10,1.4,NONE,NONE,NONE,NONE,NONE,NONE,5,30%,10%,NONE,NONE,NONE,NONE,NONE,NONE,NONE,NONE,NONE,NONE,NONE,NONE,NONE,-5,-50,
AAA,Falchion,Sword,1,2,5,45,45,2,Swing,8,5,1.4,35,20%,30%,NONE,NONE,NONE,2,10%,NONE,Thrust,NONE,NONE,1.6,NONE,NONE,NONE,10,NONE,50%,NONE,NONE,NONE,Pummel,NONE,NONE,0.5,NONE,NONE,NONE,NONE,NONE,NONE,10,20%,NONE,5,0,
AAA,Broadsowrd,Sword,1,2,5,50,50,3,Swing,8,5,1.4,30,20%,35%,NONE,NONE,NONE,5,10%,NONE,Thrust,NONE,NONE,1.6,NONE,NONE,NONE,12,NONE,50%,NONE,NONE,NONE,Pummel,NONE,NONE,0.5,NONE,NONE,NONE,NONE,NONE,NONE,10,20%,NONE,5,0,
AAA,Broadsword (halfswording),Sword,2,2,5,45,50,4,NONE,NONE,NONE,NONE,NONE,NONE,NONE,NONE,NONE,NONE,NONE,NONE,NONE,Thrust,NONE,15,1.0,NONE,NONE,NONE,12,NONE,50%,NONE,NONE,NONE,Pummel,NONE,NONE,0.5,NONE,NONE,NONE,NONE,NONE,NONE,10,20%,NONE,10,-15,
AAA,Rapier,Sword,1,2,4,25,60,3,Swing,NONE,NONE,1.8,10,10%,50%,NONE,NONE,NONE,2,10%,NONE,Thrust,NONE,20,2.0,NONE,NONE,NONE,20,NONE,60%,NONE,NONE,NONE,Pummel,NONE,NONE,0.5,NONE,NONE,NONE,NONE,NONE,NONE,NONE,20%,NONE,-15,10,
AAA,Estoc,Sword,1,2,4,25,60,3,Swing,NONE,NONE,1.8,NONE,NONE,NONE,NONE,NONE,NONE,2,10%,NONE,Thrust,NONE,20,2.0,NONE,NONE,NONE,25,NONE,60%,NONE,NONE,NONE,Pummel,NONE,NONE,0.5,NONE,NONE,NONE,NONE,NONE,NONE,NONE,20%,NONE,-15,10,
AAA,Bastard Sword (one handed),Sword,1,4,6,55,60,4,Swing,-5,-5,1.6,25,30%,45%,NONE,NONE,NONE,3,10%,NONE,Thrust,-5,-5,1.8,NONE,NONE,NONE,15,NONE,60%,NONE,NONE,NONE,Pummel,NONE,NONE,0.5,NONE,NONE,NONE,NONE,NONE,NONE,10,20%,NONE,-5,-10,
AAA,Bastard Sword (two handed),Sword,2,3,6,45,50,3,Swing,NONE,NONE,1.5,25,30%,45%,NONE,NONE,NONE,3,10%,NONE,Thrust,NONE,NONE,1.7,NONE,NONE,NONE,15,NONE,60%,NONE,NONE,NONE,Pummel,NONE,NONE,0.5,NONE,NONE,NONE,NONE,NONE,NONE,10,20%,NONE,5,5,
AAA,Bastard Sword (halfswording),Sword,2,2,6,40,50,4,NONE,NONE,NONE,NONE,NONE,NONE,NONE,NONE,NONE,NONE,NONE,NONE,NONE,Thrust,NONE,15,1.0,NONE,NONE,NONE,15,NONE,60%,NONE,NONE,NONE,Pummel,NONE,NONE,0.5,NONE,NONE,NONE,NONE,NONE,NONE,10,20%,NONE,10,-15,
AAA,Bastard Sword (murder stroke),Sword,2,3,6,55,40,4,Swing,10,-5,1.3,NONE,NONE,NONE,NONE,NONE,NONE,12,30%,NONE,Thrust,NONE,-10,1.5,NONE,NONE,NONE,NONE,NONE,NONE,5,30%,10%,NONE,NONE,NONE,NONE,NONE,NONE,NONE,NONE,NONE,NONE,NONE,NONE,NONE,-20,-50,
AAA,Cutting Longsword,Sword,2,3,6,50,50,3,Swing,10,5,1.6,30,30%,50%,NONE,NONE,NONE,5,10%,NONE,Thrust,NONE,NONE,1.8,NONE,NONE,NONE,12,NONE,50%,NONE,NONE,NONE,Pummel,NONE,NONE,0.5,NONE,NONE,NONE,NONE,NONE,NONE,10,20%,NONE,5,5,
AAA,Cutting Longsword (halfswording),Sword,2,2,6,45,50,4,NONE,NONE,NONE,NONE,NONE,NONE,NONE,NONE,NONE,NONE,NONE,NONE,NONE,Thrust,NONE,15,1.0,NONE,NONE,NONE,12,NONE,50%,NONE,NONE,NONE,Pummel,NONE,NONE,0.5,NONE,NONE,NONE,NONE,NONE,NONE,10,20%,NONE,10,-15,
AAA,Cutting Longsword (murder stroke),Sword,2,3,6,55,40,4,Swing,15,-5,1.4,NONE,NONE,NONE,NONE,NONE,NONE,15,30%,NONE,Thrust,NONE,-10,1.6,NONE,NONE,NONE,NONE,NONE,NONE,5,30%,10%,NONE,NONE,NONE,NONE,NONE,NONE,NONE,NONE,NONE,NONE,NONE,NONE,NONE,-20,-50,
AAA,Thrusting Longsword,Sword,2,3,6,50,50,3,Swing,NONE,NONE,1.8,15,20%,50%,NONE,NONE,NONE,5,10%,NONE,Thrust,NONE,10,2.0,NONE,NONE,NONE,25,NONE,60%,NONE,NONE,NONE,Pummel,NONE,NONE,0.5,NONE,NONE,NONE,NONE,NONE,NONE,10,20%,NONE,5,5,
AAA,Thrusting Longsword (halfswording),Sword,2,2,6,45,50,4,NONE,NONE,NONE,0.8,NONE,NONE,NONE,NONE,NONE,NONE,NONE,NONE,NONE,Thrust,NONE,15,1.0,NONE,NONE,NONE,25,NONE,60%,NONE,NONE,NONE,Pummel,NONE,NONE,0.5,NONE,NONE,NONE,NONE,NONE,NONE,10,20%,NONE,10,-15,
AAA,Thrusting Longsword (murder stroke),Sword,2,3,6,55,40,4,Swing,15,-5,1.3,NONE,NONE,NONE,NONE,NONE,NONE,15,30%,NONE,Thrust,NONE,-10,1.5,NONE,NONE,NONE,NONE,NONE,NONE,5,30%,10%,NONE,NONE,NONE,NONE,NONE,NONE,NONE,NONE,NONE,NONE,NONE,NONE,NONE,-20,-50,
AAA,Claymore,Sword,2,4,7,60,50,4,Swing,15,NONE,1.8,30,40%,40%,NONE,NONE,NONE,5,10%,NONE,Thrust,NONE,-5,2.0,NONE,NONE,NONE,10,NONE,45%,5,20%,NONE,NONE,NONE,NONE,NONE,NONE,NONE,NONE,NONE,NONE,NONE,NONE,NONE,NONE,10,0,
AAA,Claymore (halfswording),Sword,2,3,7,50,50,5,NONE,NONE,NONE,NONE,NONE,NONE,NONE,NONE,NONE,NONE,NONE,NONE,NONE,Thrust,NONE,10,1.0,NONE,NONE,NONE,12,NONE,45%,5,20%,NONE,NONE,NONE,NONE,NONE,NONE,NONE,NONE,NONE,NONE,NONE,NONE,NONE,NONE,15,-15,
AAA,Blunt Mace,Mace,1,1,6,50,20,1,Swing,5,NONE,NONE,NONE,NONE,NONE,NONE,NONE,NONE,10,50%,NONE,Thrust,5,NONE,NONE,NONE,NONE,NONE,NONE,NONE,NONE,5,30%,10%,NONE,NONE,NONE,NONE,NONE,NONE,NONE,NONE,NONE,NONE,NONE,NONE,NONE,NONE,NONE,
AAA,Spiked Mace,Mace,1,3,7,50,20,1,Swing,10,NONE,NONE,NONE,NONE,NONE,3,NONE,NONE,15,50%,NONE,Thrust,10,-10,NONE,NONE,NONE,NONE,3,NONE,NONE,5,30%,10%,NONE,NONE,NONE,NONE,NONE,NONE,NONE,NONE,NONE,NONE,NONE,NONE,NONE,NONE,NONE,
AAA,Warhammer,Mace,1,3,6,60,30,2,Swing (Hammer),15,NONE,NONE,NONE,NONE,NONE,NONE,NONE,NONE,20,45%,5%,Swing (Pick),15,NONE,NONE,NONE,NONE,NONE,20,50%,20%,10,30%,10%,NONE,NONE,NONE,NONE,NONE,NONE,NONE,NONE,NONE,NONE,NONE,NONE,NONE,NONE,NONE,
AAA,Chained Morningstar,Mace,1,4,8,60,20,2,Swing,20,-5,NONE,NONE,NONE,NONE,5,NONE,NONE,30,60%,20%,NONE,NONE,NONE,NONE,NONE,NONE,NONE,NONE,NONE,NONE,NONE,NONE,NONE,NONE,NONE,NONE,NONE,NONE,NONE,NONE,NONE,NONE,NONE,NONE,NONE,NONE,NONE,NONE,
AAA,Woodchopping,Axe,1,1,6,NONE,NONE,NONE,Swing,NONE,NONE,NONE,NONE,NONE,NONE,NONE,NONE,NONE,NONE,NONE,NONE,NONE,NONE,NONE,NONE,NONE,NONE,NONE,NONE,NONE,NONE,NONE,NONE,NONE,NONE,NONE,NONE,NONE,NONE,NONE,NONE,NONE,NONE,NONE,NONE,NONE,NONE,NONE,NONE,
AAA,Battle Axe,Axe,1,2,5,NONE,NONE,NONE,Swing,NONE,NONE,NONE,NONE,NONE,NONE,NONE,NONE,NONE,NONE,NONE,NONE,NONE,NONE,NONE,NONE,NONE,NONE,NONE,NONE,NONE,NONE,NONE,NONE,NONE,NONE,NONE,NONE,NONE,NONE,NONE,NONE,NONE,NONE,NONE,NONE,NONE,NONE,NONE,NONE,
AAA,Daneaxe,Axe,2,3,7,NONE,NONE,NONE,Swing,NONE,NONE,NONE,NONE,NONE,NONE,NONE,NONE,NONE,NONE,NONE,NONE,NONE,NONE,NONE,NONE,NONE,NONE,NONE,NONE,NONE,NONE,NONE,NONE,NONE,NONE,NONE,NONE,NONE,NONE,NONE,NONE,NONE,NONE,NONE,NONE,NONE,NONE,NONE,NONE,
AAA,Spear,Polearm,2,2,4,15,40,0,Thrust,NONE,5,NONE,NONE,NONE,NONE,15,NONE,55%,NONE,NONE,NONE,NONE,NONE,NONE,NONE,NONE,NONE,NONE,NONE,NONE,NONE,NONE,NONE,NONE,NONE,NONE,NONE,NONE,NONE,NONE,NONE,NONE,NONE,NONE,NONE,NONE,NONE,NONE,NONE,
AAA,Short Spear,Polearm,1,1,4,10,30,1,Thrust,NONE,10,NONE,NONE,NONE,NONE,15,NONE,50%,NONE,NONE,NONE,NONE,NONE,NONE,NONE,NONE,NONE,NONE,NONE,NONE,NONE,NONE,NONE,NONE,NONE,NONE,NONE,NONE,NONE,NONE,NONE,NONE,NONE,NONE,NONE,NONE,NONE,NONE,NONE,
AAA,Leaf Blade,Polearm,2,2,5,NONE,NONE,NONE,Thrust,NONE,NONE,NONE,NONE,NONE,NONE,10,NONE,50%,NONE,NONE,NONE,NONE,NONE,NONE,NONE,NONE,NONE,NONE,NONE,NONE,NONE,NONE,NONE,NONE,NONE,NONE,NONE,NONE,NONE,NONE,NONE,NONE,NONE,NONE,NONE,NONE,NONE,NONE,NONE,
AAA,Poleaxe,Polearm,2,3,7,NONE,NONE,NONE,NONE,NONE,NONE,NONE,NONE,NONE,NONE,NONE,NONE,NONE,NONE,NONE,NONE,NONE,NONE,NONE,NONE,NONE,NONE,NONE,NONE,NONE,NONE,NONE,NONE,NONE,NONE,NONE,NONE,NONE,NONE,NONE,NONE,NONE,NONE,NONE,NONE,NONE,NONE,NONE,NONE,
AAA,Halberd,Polearm,2,3,8,NONE,NONE,NONE,NONE,NONE,NONE,NONE,NONE,NONE,NONE,NONE,NONE,NONE,NONE,NONE,NONE,NONE,NONE,NONE,NONE,NONE,NONE,NONE,NONE,NONE,NONE,NONE,NONE,NONE,NONE,NONE,NONE,NONE,NONE,NONE,NONE,NONE,NONE,NONE,NONE,NONE,NONE,NONE,NONE,
AAA,Pike,Polearm,2,3,7,NONE,NONE,NONE,NONE,NONE,NONE,NONE,NONE,NONE,NONE,NONE,NONE,NONE,NONE,NONE,NONE,NONE,NONE,NONE,NONE,NONE,NONE,NONE,NONE,NONE,NONE,NONE,NONE,NONE,NONE,NONE,NONE,NONE,NONE,NONE,NONE,NONE,NONE,NONE,NONE,NONE,NONE,NONE,NONE,
AAA,Knife,Short Weapon,1,1,2,0,50,1,Swing,NONE,20,NONE,10,5%,20%,NONE,NONE,NONE,NONE,NONE,NONE,Thrust,NONE,30,NONE,NONE,NONE,NONE,10,NONE,40%,NONE,NONE,NONE,NONE,NONE,NONE,NONE,NONE,NONE,NONE,NONE,NONE,NONE,NONE,NONE,NONE,-50,10,
AAA,Dagger,Short Weapon,1,1,2,20,70,4,Swing,NONE,5,NONE,2,NONE,NONE,NONE,NONE,NONE,NONE,NONE,NONE,Thrust,NONE,40,NONE,NONE,NONE,NONE,15,NONE,50%,NONE,NONE,NONE,NONE,NONE,NONE,NONE,NONE,NONE,NONE,NONE,NONE,NONE,NONE,NONE,NONE,-50,20,
AAA,Katar,Short Weapon,1,1,5,40,65,3,Swing,NONE,10,NONE,20,NONE,NONE,NONE,NONE,NONE,NONE,NONE,NONE,Thrust,NONE,10,NONE,NONE,NONE,NONE,15,NONE,40%,NONE,NONE,NONE,NONE,NONE,NONE,NONE,NONE,NONE,NONE,NONE,NONE,NONE,NONE,NONE,NONE,-30,20,
AAA,Round Shield (Center Grip),Shield,1,2,7,60,40,3,Push,NONE,NONE,0.5,NONE,NONE,NONE,NONE,NONE,NONE,8,10%,NONE,Slap,NONE,NONE,0.5,NONE,NONE,NONE,NONE,NONE,NONE,8,15%,NONE,NONE,NONE,NONE,NONE,NONE,NONE,NONE,NONE,NONE,NONE,NONE,NONE,NONE,25,5,
AAA,Heater Shield,Shield,1,2,8,45,10,1,Push,NONE,NONE,0.2,NONE,NONE,NONE,NONE,NONE,NONE,8,10%,NONE,Slap,NONE,NONE,0.5,NONE,NONE,NONE,NONE,NONE,NONE,8,15%,NONE,NONE,NONE,NONE,NONE,NONE,NONE,NONE,NONE,NONE,NONE,NONE,NONE,NONE,30,NONE,
AAA,Kite Shield,Shield,1,2,8,50,10,2,Push,NONE,NONE,0.2,NONE,NONE,NONE,NONE,NONE,NONE,8,10%,NONE,Slap,NONE,NONE,0.5,NONE,NONE,NONE,NONE,NONE,NONE,8,15%,NONE,NONE,NONE,NONE,NONE,NONE,NONE,NONE,NONE,NONE,NONE,NONE,NONE,NONE,35,NONE,
AAA,Buckler,Shield,1,1,5,30,60,3,Push,NONE,NONE,0.8,NONE,NONE,NONE,NONE,NONE,NONE,5,5%,NONE,Slap,NONE,NONE,0.5,NONE,NONE,NONE,NONE,NONE,NONE,5,10%,NONE,NONE,NONE,NONE,NONE,NONE,NONE,NONE,NONE,NONE,NONE,NONE,NONE,NONE,10,15,
AAA,Tower Shield,Shield,1,3,8,70,0,1,Push,NONE,NONE,0.2,NONE,NONE,NONE,NONE,NONE,NONE,8,10%,NONE,Slap,NONE,NONE,0.5,NONE,NONE,NONE,NONE,NONE,NONE,8,15%,NONE,NONE,NONE,NONE,NONE,NONE,NONE,NONE,NONE,NONE,NONE,NONE,NONE,NONE,40,NONE,
AAA,Celtic Shield,Shield,1,2,8,60,10,1,Push,NONE,NONE,0.2,NONE,NONE,NONE,NONE,NONE,NONE,8,10%,NONE,Slap,NONE,NONE,0.5,NONE,NONE,NONE,NONE,NONE,NONE,8,15%,NONE,NONE,NONE,NONE,NONE,NONE,NONE,NONE,NONE,NONE,NONE,NONE,NONE,NONE,35,5,
AAA,Spiked Buckler,Shield,1,1,5,35,65,4,Push,NONE,NONE,0.8,NONE,NONE,NONE,15,NONE,15%,5,5%,10%,Slap,NONE,NONE,0.8,NONE,NONE,NONE,NONE,NONE,NONE,5,10%,NONE,NONE,NONE,NONE,NONE,NONE,NONE,NONE,NONE,NONE,NONE,NONE,NONE,NONE,10,10,
AAA,0B,0C,0D,0E,0F,0G,0H,0I,0J,0K,0L,0M,0N,0O,0P,0Q,0R,0S,0T,0U,0V,0W,0X,0Y,0Z,AA,AB,AC,AD,AE,AF,AG,AH,AI,AJ,AK,AL,AM,AN,AO,AP,AQ,AR,AS,AT,AU,AV,AW,AX
